
> web@0.1.0 build
> next build --webpack

Γû▓ Next.js 16.1.0 (webpack)
- Environments: .env.local

node.exe : ΓÜá The 
"middleware" file convention 
is deprecated. Please use 
"proxy" instead. Learn more: h
ttps://nextjs.org/docs/message
s/middleware-to-proxy
En línea: 1 Carácter: 1
+ & "C:\Program 
Files\nodejs/node.exe" 
"C:\Program 
Files\nodejs/node_mo ...
+ ~~~~~~~~~~~~~~~~~~~~~~~~~~~~
~~~~~~~~~~~~~~~~~~~~~~~~~~~~~~
~~~~~~~~~~~
    + CategoryInfo          : 
    NotSpecified: (ΓÜá The "  
  middle...leware-to-proxy:   
 String) [], RemoteExcepti    
on
    + FullyQualifiedErrorId : 
    NativeCommandError
 
  Creating an optimized production build ...
Γùï (serwist) The service worker will not be automatically registered, please call 'window.serwist.register()' in 'componentDidMount' or 'useEffect'.
Γùï (serwist) You may also want to add '@serwist/next/typings' to your TypeScript/JavaScript configuration file at 'compilerOptions.types'.
Γ£ô (serwist) Bundling the service worker script with the URL '/sw.js' and the scope '/staff/'...
Γ£ô Compiled successfully in 21.7s
  Running TypeScript ...
  Collecting page data using 19 workers ...
  Generating static pages using 19 workers (0/52) ...
  Generating static pages using 19 workers (13/52) 
  Generating static pages using 19 workers (26/52) 
  Generating static pages using 19 workers (39/52) 
Γ£ô Generating static pages using 19 workers (52/52) in 1132.4ms
  Finalizing page optimization ...
  Collecting build traces ...

Route (app)
Γöî Γùï /
Γö£ Γùï /_not-found
Γö£ Γùï /~offline
Γö£ Γùï /admin
Γö£ ╞Æ /api/admin/catalogo-escuelas
Γö£ ╞Æ /api/admin/delete-school
Γö£ ╞Æ /api/admin/hr/validate-doc
Γö£ ╞Æ /api/admin/list-schools
Γö£ ╞Æ /api/admin/save-school
Γö£ ╞Æ /api/create-payment-intent
Γö£ ╞Æ /api/dashboard-data
Γö£ ╞Æ /api/debug/check-cierres
Γö£ ╞Æ /api/debug/reset-journey
Γö£ ╞Æ /api/sandbox-cronograma
Γö£ ╞Æ /api/sandbox-dashboards
Γö£ ╞Æ /api/sandbox-escuelas
Γö£ ╞Æ /api/sandbox-hr
Γö£ ╞Æ /api/sandbox-vuelos
Γö£ ╞Æ /api/staff/create-user
Γö£ ╞Æ /api/staff/deploy-demo
Γö£ ╞Æ /api/staff/edit-user
Γö£ ╞Æ /api/staff/list
Γö£ ╞Æ /api/staff/preview-profile
Γö£ ╞Æ /api/staff/reset-password
Γö£ ╞Æ /api/staff/set-active
Γö£ ╞Æ /api/staff/update-flight-students
Γö£ ╞Æ /api/test/ensure-journey
Γö£ Γùï /apple-icon.png
Γö£ Γùï /dashboard
Γö£ Γùï /escuelas
Γö£ Γùï /icon.png
Γö£ Γùï /maestros
Γö£ Γùï /manifest.json
Γö£ Γùï /patrocinadores
Γö£ Γùï /sandbox-cronograma
Γö£ Γùï /sandbox-dashboards
Γö£ Γùï /sandbox-escuelas
Γö£ Γùï /sandbox-hr
Γö£ Γùï /sandbox-vuelos
Γö£ Γùï /staff-v2/closure
Γö£ Γùï /staff-v2/dashboard
Γö£ Γùï /staff-v2/history
Γö£ Γùï /staff-v2/login
Γö£ Γùï /staff-v2/preview
Γö£ Γùï /staff/contingencia
Γö£ Γùï /staff/dashboard
Γö£ Γùï /staff/history
Γö£ Γùï /staff/hub
Γö£ Γùï /staff/login
Γö£ Γùï /staff/preview
Γöö Γùï /supervisor/dashboard


╞Æ Proxy (Middleware)

Γùï  (Static)   prerendered as static content
╞Æ  (Dynamic)  server-rendered on demand

