﻿[dotenv@17.3.1] injecting env (13) from .env.local -- tip: ΓÜí∩╕Å secrets for agents: https://dotenvx.com/as2
RESPONSE FROM GEMINI:
Las coordenadas 19.39881, -102.05626 sit├║an al **Paseo L├ízaro C├írdenas** en el municipio de **Armer├¡a, Colima, M├⌐xico**.

### Contexto Hist├│rico y Relevancia

El nombre "Paseo L├ízaro C├írdenas" rinde homenaje a **L├ízaro C├írdenas del R├¡o**, una figura trascendental en la historia de M├⌐xico. C├írdenas del R├¡o fue un militar y pol├¡tico mexicano que fungi├│ como presidente de M├⌐xico de 1934 a 1940. Es reconocido como un pilar del nacionalismo mexicano y un s├¡mbolo de soberan├¡a nacional, justicia social y defensa de los derechos laborales.

Durante su presidencia, L├ízaro C├írdenas impuls├│ importantes reformas, entre las que destacan la reforma agraria, la nacionalizaci├│n de la industria petrolera y el otorgamiento de asilo pol├¡tico a los exiliados espa├▒oles. Su gobierno tambi├⌐n consolid├│ la estructura del Partido Nacional Revolucionario (antecesor del PRI), integrando a importantes centrales obreras.

La elecci├│n de su nombre para denominar espacios p├║blicos como el "Paseo L├ízaro C├írdenas" en Armer├¡a, Colima, refleja la profunda admiraci├│n y el legado de sus acciones en beneficio del pa├¡s.

En Manzanillo, Colima, la figura de L├ízaro C├írdenas tambi├⌐n tuvo un impacto significativo, consolidando el desarrollo del puerto y realizando obras importantes. Se menciona la construcci├│n de obras a cargo de ingenieros bajo su direcci├│n, como la introducci├│n de agua potable y la perforaci├│n de un t├║nel para comunicar la laguna con la bah├¡a, buscando mejorar las condiciones sanitarias del puerto. Tambi├⌐n se hace referencia a la apertura de calles en Manzanillo durante la direcci├│n de ingenieros enviados por el Presidente L├ízaro C├írdenas en 1935.

En cuanto a la colonia L├ízaro C├írdenas en Colima, se menciona que se caracteriza por tener pocos establecimientos comerciales, principalmente en el sector educativo. En Tecom├ín, Colima, se ha implementado un programa de recuperaci├│n de parques en la colonia L├ízaro C├írdenas II, buscando embellecer los espacios p├║blicos para la convivencia familiar.

### Datos T├⌐cnicos y M├⌐tricas

*   **Ubicaci├│n Geogr├ífica:** Armer├¡a, Colima, M├⌐xico
*   **Coordenadas GPS:** 19.39881, -102.05626
*   **Homenajeado:** L├ízaro C├írdenas del R├¡o (Presidente de M├⌐xico, 1934-1940)
*   **Tipo de Lugar:** Paseo (vialidad/espacio p├║blico)
*   **Relevancia Local:** Espacio p├║blico nombrado en honor a una figura hist├│rica nacional con impacto en el desarrollo de la regi├│n.

Grounding Metadata: {
  "searchEntryPoint": {
    "renderedContent": "<style>\n.container {\n  align-items: center;\n  border-radius: 8px;\n  display: flex;\n  font-family: Google Sans, Roboto, sans-serif;\n  font-size: 14px;\n  line-height: 20px;\n  padding: 8px 12px;\n}\n.chip {\n  display: inline-block;\n  border: solid 1px;\n  border-radius: 16px;\n  min-width: 14px;\n  padding: 5px 16px;\n  text-align: center;\n  user-select: none;\n  margin: 0 8px;\n  -webkit-tap-highlight-color: transparent;\n}\n.carousel {\n  overflow: auto;\n  scrollbar-width: none;\n  white-space: nowrap;\n  margin-right: -12px;\n}\n.headline {\n  display: flex;\n  margin-right: 4px;\n}\n.gradient-container {\n  position: relative;\n}\n.gradient {\n  position: absolute;\n  transform: translate(3px, -9px);\n  height: 36px;\n  width: 9px;\n}\n@media (prefers-color-scheme: light) {\n  .container {\n    background-color: #fafafa;\n    box-shadow: 0 0 0 1px #0000000f;\n  }\n  .headline-label {\n    color: #1f1f1f;\n  }\n  .chip {\n    background-color: #ffffff;\n    border-color: #d2d2d2;\n    color: #5e5e5e;\n    text-decoration: none;\n  }\n  .chip:hover {\n    background-color: #f2f2f2;\n  }\n  .chip:focus {\n    background-color: #f2f2f2;\n  }\n  .chip:active {\n    background-color: #d8d8d8;\n    border-color: #b6b6b6;\n  }\n  .logo-dark {\n    display: none;\n  }\n  .gradient {\n    background: linear-gradient(90deg, #fafafa 15%, #fafafa00 100%);\n  }\n}\n@media (prefers-color-scheme: dark) {\n  .container {\n    background-color: #1f1f1f;\n    box-shadow: 0 0 0 1px #ffffff26;\n  }\n  .headline-label {\n    color: #fff;\n  }\n  .chip {\n    background-color: #2c2c2c;\n    border-color: #3c4043;\n    color: #fff;\n    text-decoration: none;\n  }\n  .chip:hover {\n    background-color: #353536;\n  }\n  .chip:focus {\n    background-color: #353536;\n  }\n  .chip:active {\n    background-color: #464849;\n    border-color: #53575b;\n  }\n  .logo-light {\n    display: none;\n  }\n  .gradient {\n    background: linear-gradient(90deg, #1f1f1f 15%, #1f1f1f00 100%);\n  }\n}\n</style>\n<div class=\"container\">\n  <div class=\"headline\">\n    <svg class=\"logo-light\" width=\"18\" height=\"18\" viewBox=\"9 9 35 35\" fill=\"none\" xmlns=\"http://www.w3.org/2000/svg\">\n      <path fill-rule=\"evenodd\" clip-rule=\"evenodd\" d=\"M42.8622 27.0064C42.8622 25.7839 42.7525 24.6084 42.5487 23.4799H26.3109V30.1568H35.5897C35.1821 32.3041 33.9596 34.1222 32.1258 35.3448V39.6864H37.7213C40.9814 36.677 42.8622 32.2571 42.8622 27.0064V27.0064Z\" fill=\"#4285F4\"/>\n      <path fill-rule=\"evenodd\" clip-rule=\"evenodd\" d=\"M26.3109 43.8555C30.9659 43.8555 34.8687 42.3195 37.7213 39.6863L32.1258 35.3447C30.5898 36.3792 28.6306 37.0061 26.3109 37.0061C21.8282 37.0061 18.0195 33.9811 16.6559 29.906H10.9194V34.3573C13.7563 39.9841 19.5712 43.8555 26.3109 43.8555V43.8555Z\" fill=\"#34A853\"/>\n      <path fill-rule=\"evenodd\" clip-rule=\"evenodd\" d=\"M16.6559 29.8904C16.3111 28.8559 16.1074 27.7588 16.1074 26.6146C16.1074 25.4704 16.3111 24.3733 16.6559 23.3388V18.8875H10.9194C9.74388 21.2072 9.06992 23.8247 9.06992 26.6146C9.06992 29.4045 9.74388 32.022 10.9194 34.3417L15.3864 30.8621L16.6559 29.8904V29.8904Z\" fill=\"#FBBC05\"/>\n      <path fill-rule=\"evenodd\" clip-rule=\"evenodd\" d=\"M26.3109 16.2386C28.85 16.2386 31.107 17.1164 32.9095 18.8091L37.8466 13.8719C34.853 11.082 30.9659 9.3736 26.3109 9.3736C19.5712 9.3736 13.7563 13.245 10.9194 18.8875L16.6559 23.3388C18.0195 19.2636 21.8282 16.2386 26.3109 16.2386V16.2386Z\" fill=\"#EA4335\"/>\n    </svg>\n    <svg class=\"logo-dark\" width=\"18\" height=\"18\" viewBox=\"0 0 48 48\" xmlns=\"http://www.w3.org/2000/svg\">\n      <circle cx=\"24\" cy=\"23\" fill=\"#FFF\" r=\"22\"/>\n      <path d=\"M33.76 34.26c2.75-2.56 4.49-6.37 4.49-11.26 0-.89-.08-1.84-.29-3H24.01v5.99h8.03c-.4 2.02-1.5 3.56-3.07 4.56v.75l3.91 2.97h.88z\" fill=\"#4285F4\"/>\n      <path d=\"M15.58 25.77A8.845 8.845 0 0 0 24 31.86c1.92 0 3.62-.46 4.97-1.31l4.79 3.71C31.14 36.7 27.65 38 24 38c-5.93 0-11.01-3.4-13.45-8.36l.17-1.01 4.06-2.85h.8z\" fill=\"#34A853\"/>\n      <path d=\"M15.59 20.21a8.864 8.864 0 0 0 0 5.58l-5.03 3.86c-.98-2-1.53-4.25-1.53-6.64 0-2.39.55-4.64 1.53-6.64l1-.22 3.81 2.98.22 1.08z\" fill=\"#FBBC05\"/>\n      <path d=\"M24 14.14c2.11 0 4.02.75 5.52 1.98l4.36-4.36C31.22 9.43 27.81 8 24 8c-5.93 0-11.01 3.4-13.45 8.36l5.03 3.85A8.86 8.86 0 0 1 24 14.14z\" fill=\"#EA4335\"/>\n    </svg>\n    <div class=\"gradient-container\"><div class=\"gradient\"></div></div>\n  </div>\n  <div class=\"carousel\">\n    <a class=\"chip\" href=\"https://vertexaisearch.cloud.google.com/grounding-api-redirect/AUZIYQHNDVzHdpAwBITiV8h2ZyVAnwfEVE9FilIw2WE3wEkRLB17MvzJ31BhhYVpkZtR6QcOywunwIaFgAit5mm6WKD8xB_NUdRMsPzsipA9nz_sBPWLxz9dXF2ELAVBI6fxL9SxliBxhrTrrroZeBdB9l07RhTVK6sXY-XUQqHCT3GTzecuWvECQ3uZ5aEFGwMJ8SpxLBICMFytflYrlJihfXG9oK9Aae7qE1p6lOWAScvTg2quTeM7_1U=\">Paseo L├ízaro C├írdenas Manzanillo historia</a>\n    <a class=\"chip\" href=\"https://vertexaisearch.cloud.google.com/grounding-api-redirect/AUZIYQF5ND-9Vc02nJhTqMfSQwtwqHReLigFpPOpBpXorB5g4gNHX7NCOxfYcd1OMxe7DtN9y_oRG64qowyZWO1NuWkqS1swSDUNKlDi-83u-4_K6n8_BkFjT0Kx0qNS-zcDFmuramymaYiKzVpMTklb1sEj7w_8Hg_rnGxY9Jy7xlMGLQLyJd8wMH7aGzN2wckekR9Y3Pdkrk-xtUNMIzANiJDFFEqyQfOIGS9HiqcXaVkK5K3V\">Paseo L├ízaro C├írdenas Colima historia</a>\n    <a class=\"chip\" href=\"https://vertexaisearch.cloud.google.com/grounding-api-redirect/AUZIYQE5tMWQlsgKSMvVDwvRZyTrYRsrsk5iz2KiTHWpqfZSfcFPbKcLBj3rZ_5cQndkQcjO0kHpjMxglg0Iv1voETL5jLwbYny-dp_7UXwgh-n0aqLQuWdeOKU2n469UONdve0m7LNwyYm7r45ri3ZrpoRU2Wpv-PwaOtL38quecbU_5P8Xs2Eu_lfwTAQkYnI8I4FgUAFRmke3GOSZpE3_-a-OGGayQJ31ad_EQIXaR519JHOJv24Wmvq6\">Paseo L├ízaro C├írdenas 19.39881, -102.05626</a>\n    <a class=\"chip\" href=\"https://vertexaisearch.cloud.google.com/grounding-api-redirect/AUZIYQHo-M_wAM48eRjLR2vtGpeL5l8rWzEG7q9DeGeHWhxsqxa18jSvdyJguS97-v9GLJKTCLrfEvnkTn9Dn6p-q2e1eSaagLTGuggCOpbmzDgTLqFbNM-6Jxb3bRx6bh_cJ7lj6c7NAG_LGgXDSK6almeZp6abeHQN8kxuxta3F0VVgMLsj5UOAeway53l_sriUmulB9yPif2facUXQNCF4cTxnvlMYlrOxL_2TqN-ThiIUbQG9KuKP3gyFw==\">L├ízaro C├írdenas del R├¡o biograf├¡a</a>\n    <a class=\"chip\" href=\"https://vertexaisearch.cloud.google.com/grounding-api-redirect/AUZIYQEntkPClnjuet5u0mexASkRabFIzBsS-p5c3dX4VVShGMLoYhR09vUcL99inGFv3DPRraR2QTV_D2CW4W2cxXsxC6YJgH4hqJx-1IpQRW_2fvENNTfMDsClXy99EOT9WplnrEW6YpTJJUe3dm4y9__RAn0V3n1okHSBsY8m3rrkZ6Ov4L7xZdg9EydGKU2xoIDKxEk44ES3DIL3JWF8ZZkfbCnDuO6hcA3Gp_Ya4nMxwDg=\">Parque Lineal L├ízaro C├írdenas Colima</a>\n  </div>\n</div>\n"
  },
  "groundingChunks": [
    {
      "web": {
        "uri": "https://www.google.com/search?q=time+in+Armer%C3%ADa,+MX",
        "title": "Current time information in Armer├¡a, MX."
      }
    },
    {
      "web": {
        "uri": "https://vertexaisearch.cloud.google.com/grounding-api-redirect/AUZIYQHx3vW-p2csuzPsm7QBuNyYt7B4Fzi58iqsksmtC7GYK8HvaHQU9BxnFq44pBPeqJNZFvO8RC4P8ra1K8YUMKXqtmWh9biOrx6H1BNHWEld71btXA0NjWWKU-xEDWuZKGC0wWRZDurHmlkUBFNH018rpjU=",
        "title": "wikipedia.org"
      }
    },
    {
      "web": {
        "uri": "https://vertexaisearch.cloud.google.com/grounding-api-redirect/AUZIYQGldn5jG0fWq-9jc8BxjXK7rt4tGRTbKy34O-e0rn6V6P5vYcQE9OeisupHJAdjsNRN5NYoQeMc2KQ2xiX25UrpzCXS8ptjI6u_Xy80MxT52FNCQPSGd0V8G1KMI1kTdb3Yq6gw6EmDsFLJwQYywwzJ1o8=",
        "title": "wikipedia.org"
      }
    },
    {
      "web": {
        "uri": "https://vertexaisearch.cloud.google.com/grounding-api-redirect/AUZIYQEIIkvQiD5yYUKpYHq4vdQBX6RPMzJO-Auz8eVgXtyaO7NfkXpal2fjUiM16goYK7QMVaHT9BLWOkHix7MKorxjzA9jr4VIBqxs9EIP_OuHTJcmqYQNyFiYwZEVqyIYo0XuTY433wBWIAsuUcfRCYsSlkj2Rw==",
        "title": "biografiasyvidas.com"
      }
    },
    {
      "web": {
        "uri": "https://vertexaisearch.cloud.google.com/grounding-api-redirect/AUZIYQEai7DfGk6RDcKlkWY2rHGhmHcmrxe4QAtkPfw1h2e_YNCdgeePoyc6GFMOTOxviWlzXSYhFUxmbyt1mqjJZv7cdDY37gdKJw36QVTY4gzRVjoemsmfzvoFjj6LjjitBKy3wt7BxZcK3T3rLk0RYBtXoe_aA14rNhGGF3PGmwBiYELdqiaeS3-bOg==",
        "title": "elnoticieroenlinea.com"
      }
    },
    {
      "web": {
        "uri": "https://vertexaisearch.cloud.google.com/grounding-api-redirect/AUZIYQG9saJ6TA7SO5LoXYHB4WIW7UhIvnjnr3C2t1AF9fMHl4LW6e4v8B1zzExpkCEl3FvCMv3ZNsTpKPT6JXFNJ5Peml9MYWTfXOwI-DCp4xS1OHeoMhj0x91s_irIPDBWyEA-lDVG_7rCiDXc2Z6sIKPJKj15ybIEMCuWTrYOL_ZV54ybR4H6d9ShJ9bxp_DmrF4a8-A-0JSep_wl",
        "title": "elnoticieroenlinea.com"
      }
    },
    {
      "web": {
        "uri": "https://vertexaisearch.cloud.google.com/grounding-api-redirect/AUZIYQFadw9XLXrjX-dddXrlkQ26SF-DCMfJo2Qv0_UsvAA4BBymK6M-ZZbv4Ktz8bSVCmqrZMDeZat6AgeBNllyjjfbSaWUd03uIhuibBO4u6E30CX_Sh3oTjpFB50cTxye3_aZFlMv672_4Xo5hpIFFfKWVXqar8tDtVK_ZAoV0fW4SYYnZOb8PzzNFuMNwA==",
        "title": "marketdatamexico.com"
      }
    },
    {
      "web": {
        "uri": "https://vertexaisearch.cloud.google.com/grounding-api-redirect/AUZIYQHYGiQvhi1QwFNR7qRERXjq2GHfKxKXxSHwaXy-9gdggII1WJwoC87DYNkk5xKzBkxTVxYeKlICurju_3BU1msadKdjaL5fjP70MyYvEQeygwugCYJAc-RIFPPXjnkScyJp-AFCjFmHVAQrdXCLHQj8Qob3J4jWSwiRSy-AOzNQ1A4azpRTPB6uCtTQoxHUEzv2pPgiUAqnNHjGZ31idtmdP0HbaBMnE_SlAg==",
        "title": "contextocolima.com"
      }
    }
  ],
  "groundingSupports": [
    {
      "segment": {
        "endIndex": 124,
        "text": "Las coordenadas 19.39881, -102.05626 sit├║an al **Paseo L├ízaro C├írdenas** en el municipio de **Armer├¡a, Colima, M├⌐xico**"
      },
      "groundingChunkIndices": [
        0
      ]
    },
    {
      "segment": {
        "startIndex": 302,
        "endIndex": 410,
        "text": "C├írdenas del R├¡o fue un militar y pol├¡tico mexicano que fungi├│ como presidente de M├⌐xico de 1934 a 1940"
      },
      "groundingChunkIndices": [
        1,
        2
      ]
    },
    {
      "segment": {
        "startIndex": 412,
        "endIndex": 555,
        "text": "Es reconocido como un pilar del nacionalismo mexicano y un s├¡mbolo de soberan├¡a nacional, justicia social y defensa de los derechos laborales"
      },
      "groundingChunkIndices": [
        1
      ]
    },
    {
      "segment": {
        "startIndex": 558,
        "endIndex": 783,
        "text": "Durante su presidencia, L├ízaro C├írdenas impuls├│ importantes reformas, entre las que destacan la reforma agraria, la nacionalizaci├│n de la industria petrolera y el otorgamiento de asilo pol├¡tico a los exiliados espa├▒oles"
      },
      "groundingChunkIndices": [
        1,
        3
      ]
    },
    {
      "segment": {
        "startIndex": 785,
        "endIndex": 930,
        "text": "Su gobierno tambi├⌐n consolid├│ la estructura del Partido Nacional Revolucionario (antecesor del PRI), integrando a importantes centrales obreras"
      },
      "groundingChunkIndices": [
        1
      ]
    },
    {
      "segment": {
        "startIndex": 1133,
        "endIndex": 1295,
        "text": "En Manzanillo, Colima, la figura de L├ízaro C├írdenas tambi├⌐n tuvo un impacto significativo, consolidando el desarrollo del puerto y realizando obras importantes"
      },
      "groundingChunkIndices": [
        4
      ]
    },
    {
      "segment": {
        "startIndex": 1297,
        "endIndex": 1540,
        "text": "Se menciona la construcci├│n de obras a cargo de ingenieros bajo su direcci├│n, como la introducci├│n de agua potable y la perforaci├│n de un t├║nel para comunicar la laguna con la bah├¡a, buscando mejorar las condiciones sanitarias del puerto"
      },
      "groundingChunkIndices": [
        4
      ]
    },
    {
      "segment": {
        "startIndex": 1542,
        "endIndex": 1696,
        "text": "Tambi├⌐n se hace referencia a la apertura de calles en Manzanillo durante la direcci├│n de ingenieros enviados por el Presidente L├ízaro C├írdenas en 1935"
      },
      "groundingChunkIndices": [
        5
      ]
    },
    {
      "segment": {
        "startIndex": 1699,
        "endIndex": 1865,
        "text": "En cuanto a la colonia L├ízaro C├írdenas en Colima, se menciona que se caracteriza por tener pocos establecimientos comerciales, principalmente en el sector educativo"
      },
      "groundingChunkIndices": [
        6
      ]
    },
    {
      "segment": {
        "startIndex": 1867,
        "endIndex": 2054,
        "text": "En Tecom├ín, Colima, se ha implementado un programa de recuperaci├│n de parques en la colonia L├ízaro C├írdenas II, buscando embellecer los espacios p├║blicos para la convivencia familiar"
      },
      "groundingChunkIndices": [
        7
      ]
    }
  ],
  "webSearchQueries": [
    "Paseo L├ízaro C├írdenas 19.39881, -102.05626",
    "L├ízaro C├írdenas del R├¡o biograf├¡a",
    "Paseo L├ízaro C├írdenas Colima historia",
    "Parque Lineal L├ízaro C├írdenas Colima",
    "Paseo L├ízaro C├írdenas Manzanillo historia"
  ]
}
