≡ƒö¼ Probando Gemini con Google Search...

Γ£à RESULTADO:

La F├íbrica de San Pedro, ubicada en Uruapan, Michoac├ín, se erige como un importante vestigio de la industria textil del siglo XIX en M├⌐xico. Construida entre 1894 y 1897, e inaugurada en 1897, la f├íbrica fue fundada por una sociedad que inclu├¡a a Leopoldo Hurtado y Espinosa, Nabor Hurtado y Espinosa, Wenceslao Hurtado, Silviano Hurtado y Silviano Mart├¡nez. Para su funcionamiento, se aprovech├│ la corriente del R├¡o Cupatitzio como fuente de energ├¡a, importando maquinaria de pa├¡ses como Inglaterra, Francia y Estados Unidos. Esta factor├¡a se especializ├│ en la producci├│n de hilados y tejidos de alta calidad, utilizando materiales como lino, lana, algod├│n y seda. Los productos elaborados en la F├íbrica de San Pedro eran comercializados en la tienda "La Colmena", situada en el Z├│calo de la Ciudad de M├⌐xico, y su auge se vivi├│ entre 1904 y 1905, durante el gobierno de Porfirio D├¡az, lo que llev├│ a la construcci├│n de presas y canales para expandir su capacidad a 200 telares y m├ís de 600 husos.

La f├íbrica oper├│ de manera continua como industria textil hasta finales del siglo XX, siendo un punto central para la econom├¡a de Uruapan ligada a los textiles. Aunque la regi├│n no se consolid├│ como una gran zona industrial, la F├íbrica de San Pedro mantuvo una parte de su legado textil con la empresa Telares Uruapan, fundada en 1954 por Walter y Bundy Illsley, que a├║n conserva las t├⌐cnicas artesanales de tejido. Sin embargo, el edificio enfrent├│ un periodo de abandono de aproximadamente 20 a├▒os antes de su revitalizaci├│n.

A partir de 2017, la Fundaci├│n Javier Mar├¡n inici├│ un ambicioso proyecto para transformar la Antigua F├íbrica de San Pedro en un vibrante centro cultural, en colaboraci├│n con el Ayuntamiento de Uruapan y el Taller de Arquitectura Mauricio Rocha. Este nuevo espacio fue inaugurado por fases, abriendo sus puertas al p├║blico el 8 de abril de 2022, con el objetivo de fomentar el arte, el dise├▒o y la cultura alimentaria. El Centro Cultural F├íbrica de San Pedro alberga exposiciones, talleres y actividades, preservando los telares antiguos como parte de su atractivo muse├¡stico y manteniendo viva la conexi├│n de Uruapan con su rica historia textil.

≡ƒöù FUENTES CONSULTADAS EN GOOGLE:
- https://vertexaisearch.cloud.google.com/grounding-api-redirect/AUZIYQEdgMZNaoHJAfvRwMyCCnU7AJF3z4PHSpsBWoEFJliOw515PTTIgwMEgOTBU_BpL7wqi6q-6c8bJeeXSkgoXo85v_iiFFOk3quiVMw1WzRtFZLvLbuc0elg
- https://vertexaisearch.cloud.google.com/grounding-api-redirect/AUZIYQE1ZiE9DXeWIiIYeb_Y-0GoQ7ibbS6GqLN-SrwkK9uSu9DZGcgag-UqpA5wlsOXH4G0SyJ8a0SpFFQfphAKWcIS12-49wFk6pkKJhMX0fDP_dBQ5P-46HYBnXNTPGuiYh7SpL2Pj6OOUhjINYd_un2JpvYfpeJNnyDx_X-J-0mC4OnglaFXeDXsYDQ9O5ICyzmz2pCY_f8TVyoqwTag_gObpYOEJCuHe_81RNstA8uHpv78_GwJkZXM7kBq_NLvZvaZd9W7amO5
- https://vertexaisearch.cloud.google.com/grounding-api-redirect/AUZIYQFXO0yVPqZZ7VgZBh8DDgXfX_BTC666DOZ4rXN7pH046PdaxcoyCXHJj_xX64VIdx3angchWKTeYPkyu5ehEwv4AoWH4a08oS1fag-rww-6MgofCNKJfIlAfJeAeRhm7rCHhjWJj2wj0ID0jlYr8rsP79y20svl8QRntXxAwNenUP2cSQZ-j2jLe0PGAHblGCkDwpb7VyRgUfY_
- https://vertexaisearch.cloud.google.com/grounding-api-redirect/AUZIYQEfKieGzoouO0GZvVO80nYooGuhxY2TRYpG4Po_HhCd-WbiVpDf6WJGJRpDfbPUa6Yg-8NDL0JoH6IEqHLa8d3a8PcmJMp7iQYgW4YSQRQG6DmAtQp_ymMjSqBSw0hHid8ot7UTOej6E_oKOXJX5ZPSxSlJLu9DUCssh_tW_hP_qIQ6xsknCbtje-_g4efE8SD0OjsVGGW5MLs=
- https://vertexaisearch.cloud.google.com/grounding-api-redirect/AUZIYQHZI2Yk9eLe2r_y33KBqxIgugagKCVo7No0uw6XK-Ys_H4ReVihkbjPhxCXGRkMeLMIymngmWSIUfLLwC2HPFfdt6aUlbd1hZBg232T7D5_JuB0Vu_S97PlGwXiL7O--n5pW8mSPqpmHXRqSU69WvsdggM7JoaO5QUb8t3-bgKMo-Xn
- https://vertexaisearch.cloud.google.com/grounding-api-redirect/AUZIYQGVeojvt19fmAN4bx_p2rqR4h1S0oMUoycZWE10YQ4LQEvnHHUXId7O2Hi9x_PJ7kaYi3xNIV3X6N6sP44SRJnJuwyz3cF-wwNSmohP3w0rOZpWQUvTtjTFqcmpzTN8tXh944NpMj4t9xgskHCXzqCSBzDU4GSvxbbnzuj2g96TUUZpWMmd4ZdZY-m_5-DBW1k4
- https://vertexaisearch.cloud.google.com/grounding-api-redirect/AUZIYQFFGACq3IGSbWXGJvYlIXsY3gE3XZfj8RJ_DNfI1nQPdoz59WegNksNMOx9XGZzPz6wN-C6qmcIkRARE_CDGrHgThaSm1zN98mQ-Nrzi-T_rmdO6AfrA-01Xv5ZGGkeEDbHt8n_p3vJDlB5T5umx2Yjk0DLcB4CVYukPZkw-N9gICVT8X8AHE6S6S1Yeh4=
- https://vertexaisearch.cloud.google.com/grounding-api-redirect/AUZIYQEL98wdoJ2xYbAg-mk0L2_SxJv4tEIzKCYfCXbXn9pLYkXadK4-EaULBHaO2y3nX9d2fGnPjrAqNzbWn01Oihc--MiiD1M5TqYkxcmstUVwmSQtGKwUVxStwUvxl8W25pp4kT3mdBtubfIPSmhjK1Xg
- https://vertexaisearch.cloud.google.com/grounding-api-redirect/AUZIYQHl07NWK9B-yrhwoBT4shjZDPQixBjxdQY9cpZlo5p0werPKTxG_XNa0tlkbAGsymWaZjyivvd-_y0wQjbEfkAtzBOZI6LTpxwMuVAxJb-2dvGe8lyek0bSm1k-QQulb4B7jQRAl_kcAlCBkrW5_egA6WmUQjCKIgexrxh1RjU-tRtcfw==
- https://vertexaisearch.cloud.google.com/grounding-api-redirect/AUZIYQHUwbyDuSVot-icmf6dsPQAHqr6CwoAWr4MyDF2MWFJXUB_rh4jb3dfqng2osbmICphDQL3ZVQLsAhi2KdWAlmt93zpRbpxtFzPFMJyf4gBNqOdLPmMKHQCkXNQOvoTy-c4XPd-BEqyzxKY5RVmjCWcI2Uln7dV4p0CwASoN5Wb
- https://vertexaisearch.cloud.google.com/grounding-api-redirect/AUZIYQFkniu8uyf6_1EeQwtc-_dX5cwFXLjAp3Fh-h4uCJqAJFgbjPmUvCN0EvgD6DNl1CAcALJ7GPWPwyRtn7pUR-Jy0nVshWe2-zoM6iwFbn_rfqdwCdnj8oxi1cxFepx-JjZ3gNHKd82hXjSN3PBpLsqHktz37WbVjcgXJkl_DaICXPsyAeUIWjojZoHoYwwf9b8XEqC0UKS96dz_LxJ7jsta_xksgnzMtDBYo7t3q6CXqg8qP4KrpCIdR_Y5xrQ-JKbT
- https://vertexaisearch.cloud.google.com/grounding-api-redirect/AUZIYQECW5jomDGJVTbfa55plJYoYgK_cKCuXq7zxAJz2j4-BTfGDgoAqIl5FMH_e9cHfQUvhfB_3lRn4mZyQS9xuk7L5lxUYFki3XY96dox6w8amlv1eqFjG9XlOBKonx5xz57SDf_ouY0O4nMjHkWrEHRsZwhMB6NfuaX-oSJksA==
